{
    "events": [
        {
            "data": [
                "0x0",
                "0xa"
            ],
            "from_address": "0x2d3c5f33198cf54a030e316ab2d9532e1c401d3c5a8b8a3962aeda6c1dcd260",
            "keys": [
                "0x3db3da4221c078e78bd987e54e1cc24570d89a7002cefa33e548d6c72c73f9d"
            ]
        },
        {
            "data": [
                "0x347be35996a21f6bf0623e75dbce52baba918ad5ae8d83b6f416045ab22961a",
                "0x4035e7e01f09b8bc746a549fdf1bafa8d975bdbc53d25646635d0ab58425f30",
                "0x569ced8800",
                "0x0"
            ],
            "from_address": "0x49d36570d4e46f48e99674bd3fcc84644ddd6b96f7c741b1562b82f9e004dc7",
            "keys": [
                "0x99cd8bde557814842a3121e8ddfd433a539b8c9f14bf31ebf108d12e6196e9"
            ]
        }
    ]
}